synerzip@ULTP347:~$ docker ps
CONTAINER ID        IMAGE               COMMAND             CREATED             STATUS              PORTS               NAMES
synerzip@ULTP347:~$ docker pull django
Using default tag: latest
latest: Pulling from library/django
75a822cd7888: Pull complete 
e4665cede9d1: Pull complete 
202a45aa091c: Pull complete 
7799136eb561: Pull complete 
7a7f9ca3fd40: Pull complete 
412f2d081014: Pull complete 
Digest: sha256:5bfd3f442952463f5bc97188b7f43cfcd6c2f631a017ee2a6fca3cb8992501e8
Status: Downloaded newer image for django:latest
docker.io/library/django:latest
synerzip@ULTP347:~$ docker ps
CONTAINER ID        IMAGE               COMMAND             CREATED             STATUS              PORTS               NAMES
synerzip@ULTP347:~$ docker ps -a
CONTAINER ID        IMAGE               COMMAND                  CREATED             STATUS                      PORTS               NAMES
adb839615a55        postgres            "docker-entrypoint.s…"   2 months ago        Exited (137) 2 months ago                       demo
synerzip@ULTP347:~$ docker images
REPOSITORY                        TAG                 IMAGE ID            CREATED             SIZE
postgres                          latest              dd4fa36a9c2f        2 months ago        395MB
user-service-cont                 latest              9169062b5d22        3 months ago        129MB
rukhsaransari/user-service-cont   latest              9169062b5d22        3 months ago        129MB
<none>                            <none>              e6f8de7146b0        3 months ago        613MB
nginx                             latest              2073e0bcb60e        3 months ago        127MB
mysql                             5.6                 edea6175b4cb        3 months ago        302MB
gradle                            jdk8                378e040b0e52        3 months ago        557MB
hello-app                         1.0                 9c91a21edc88        3 months ago        62.1MB
myapp2                            latest              9c91a21edc88        3 months ago        62.1MB
rukhsaransari/hello-app           2.0                 9c91a21edc88        3 months ago        62.1MB
rukhsarsynerzip/myapppython       latest              9c91a21edc88        3 months ago        62.1MB
localhost:5000/myappregist        latest              fe4b14fde855        3 months ago        5.59MB
dockerhubapp                      1.0                 fe4b14fde855        3 months ago        5.59MB
myapp1                            latest              fe4b14fde855        3 months ago        5.59MB
syndemo/review-service            latest              c5f3f3ff03da        4 months ago        130MB
syndemo/product-service           latest              8163aee0352a        4 months ago        132MB
syndemo/user-service              latest              4a87252494b6        4 months ago        129MB
alpine                            latest              cc0abc535e36        4 months ago        5.59MB
openjdk                           8-jre-alpine        f7a292bbb70c        12 months ago       84.9MB
mysql                             5.5                 d404d78aa797        12 months ago       205MB
django                            latest              eb40dcf64078        3 years ago         436MB
synerzip@ULTP347:~$ docker start eb40dcf64078
Error response from daemon: No such container: eb40dcf64078
Error: failed to start containers: eb40dcf64078
synerzip@ULTP347:~$ docker run eb40dcf64078
synerzip@ULTP347:~$ docker ps
CONTAINER ID        IMAGE               COMMAND             CREATED             STATUS              PORTS               NAMES
synerzip@ULTP347:~$ docker ps -a
CONTAINER ID        IMAGE               COMMAND                  CREATED             STATUS                      PORTS               NAMES
cebd88811e11        eb40dcf64078        "python3"                11 seconds ago      Exited (0) 8 seconds ago                        compassionate_kowalevski
adb839615a55        postgres            "docker-entrypoint.s…"   2 months ago        Exited (137) 2 months ago                       demo
synerzip@ULTP347:~$ docker start cebd88811e11
cebd88811e11
synerzip@ULTP347:~$ docker ps -a
CONTAINER ID        IMAGE               COMMAND                  CREATED             STATUS                      PORTS               NAMES
cebd88811e11        eb40dcf64078        "python3"                5 minutes ago       Exited (0) 4 minutes ago                        compassionate_kowalevski
adb839615a55        postgres            "docker-entrypoint.s…"   2 months ago        Exited (137) 2 months ago                       demo
synerzip@ULTP347:~$ docker stop cebd88811e11
cebd88811e11
synerzip@ULTP347:~$ docker ps -a
CONTAINER ID        IMAGE               COMMAND                  CREATED             STATUS                      PORTS               NAMES
cebd88811e11        eb40dcf64078        "python3"                5 minutes ago       Exited (0) 4 minutes ago                        compassionate_kowalevski
adb839615a55        postgres            "docker-entrypoint.s…"   2 months ago        Exited (137) 2 months ago                       demo
synerzip@ULTP347:~$ docker ps
CONTAINER ID        IMAGE               COMMAND             CREATED             STATUS              PORTS               NAMES
synerzip@ULTP347:~$ sudo apt install python3-django
[sudo] password for synerzip: 
Reading package lists... Done
Building dependency tree       
Reading state information... Done
The following additional packages will be installed:
  python-django-common python3-sqlparse
Suggested packages:
  bpython3 geoip-database-contrib ipython3 libgdal1 python-django-doc
  python3-bcrypt python3-flup python3-memcache python3-psycopg2
  python3-pymysql python3-sqlite python-sqlparse-doc
The following NEW packages will be installed:
  python-django-common python3-django python3-sqlparse
0 upgraded, 3 newly installed, 0 to remove and 97 not upgraded.
Need to get 2,449 kB of archives.
After this operation, 26.6 MB of additional disk space will be used.
Do you want to continue? [Y/n] Y
Get:1 http://in.archive.ubuntu.com/ubuntu bionic-updates/main amd64 python-django-common all 1:1.11.11-1ubuntu1.8 [1,522 kB]
Get:2 http://in.archive.ubuntu.com/ubuntu bionic-updates/main amd64 python3-django all 1:1.11.11-1ubuntu1.8 [900 kB]
Get:3 http://in.archive.ubuntu.com/ubuntu bionic/main amd64 python3-sqlparse all 0.2.4-0.1 [28.1 kB]
Fetched 2,449 kB in 1s (3,694 kB/s)         
Selecting previously unselected package python-django-common.
(Reading database ... 238786 files and directories currently installed.)
Preparing to unpack .../python-django-common_1%3a1.11.11-1ubuntu1.8_all.deb ...
Unpacking python-django-common (1:1.11.11-1ubuntu1.8) ...
Selecting previously unselected package python3-django.
Preparing to unpack .../python3-django_1%3a1.11.11-1ubuntu1.8_all.deb ...
Unpacking python3-django (1:1.11.11-1ubuntu1.8) ...
Selecting previously unselected package python3-sqlparse.
Preparing to unpack .../python3-sqlparse_0.2.4-0.1_all.deb ...
Unpacking python3-sqlparse (0.2.4-0.1) ...
Setting up python3-sqlparse (0.2.4-0.1) ...
Setting up python-django-common (1:1.11.11-1ubuntu1.8) ...
Setting up python3-django (1:1.11.11-1ubuntu1.8) ...
Processing triggers for man-db (2.8.3-2ubuntu0.1) ...
synerzip@ULTP347:~$ django-admin --version

1.11.11
synerzip@ULTP347:~$ 
synerzip@ULTP347:~$ sudo apt install python3-venv
Reading package lists... Done
Building dependency tree       
Reading state information... Done
The following additional packages will be installed:
  python3.6-venv
The following NEW packages will be installed:
  python3-venv python3.6-venv
0 upgraded, 2 newly installed, 0 to remove and 97 not upgraded.
Need to get 7,396 B of archives.
After this operation, 44.0 kB of additional disk space will be used.
Do you want to continue? [Y/n] Y
Get:1 http://in.archive.ubuntu.com/ubuntu bionic-updates/universe amd64 python3.6-venv amd64 3.6.9-1~18.04ubuntu1 [6,188 B]
Get:2 http://in.archive.ubuntu.com/ubuntu bionic-updates/universe amd64 python3-venv amd64 3.6.7-1~18.04 [1,208 B]
Fetched 7,396 B in 0s (17.6 kB/s)        
Selecting previously unselected package python3.6-venv.
(Reading database ... 248826 files and directories currently installed.)
Preparing to unpack .../python3.6-venv_3.6.9-1~18.04ubuntu1_amd64.deb ...
Unpacking python3.6-venv (3.6.9-1~18.04ubuntu1) ...
Selecting previously unselected package python3-venv.
Preparing to unpack .../python3-venv_3.6.7-1~18.04_amd64.deb ...
Unpacking python3-venv (3.6.7-1~18.04) ...
Setting up python3.6-venv (3.6.9-1~18.04ubuntu1) ...
Setting up python3-venv (3.6.7-1~18.04) ...
Processing triggers for man-db (2.8.3-2ubuntu0.1) ...
synerzip@ULTP347:~$ mkdir afsana
synerzip@ULTP347:~$ cd afsana
synerzip@ULTP347:~/afsana$ python3 --version
Python 3.6.9
synerzip@ULTP347:~/afsana$ python3.6 -m venv my_env
synerzip@ULTP347:~/afsana$ source my_env/bin/activate
(my_env) synerzip@ULTP347:~/afsana$ pip install django
Collecting django
  Downloading https://files.pythonhosted.org/packages/9d/04/04abb097c84c770180eeebe7ed920ce42f9917ab5ad4de01ff8ed11bc25b/Django-3.0.6-py3-none-any.whl (7.5MB)
    100% |████████████████████████████████| 7.5MB 190kB/s 
Collecting pytz (from django)
  Downloading https://files.pythonhosted.org/packages/4f/a4/879454d49688e2fad93e59d7d4efda580b783c745fd2ec2a3adf87b0808d/pytz-2020.1-py2.py3-none-any.whl (510kB)
    100% |████████████████████████████████| 512kB 1.8MB/s 
Collecting sqlparse>=0.2.2 (from django)
  Downloading https://files.pythonhosted.org/packages/85/ee/6e821932f413a5c4b76be9c5936e313e4fc626b33f16e027866e1d60f588/sqlparse-0.3.1-py2.py3-none-any.whl (40kB)
    100% |████████████████████████████████| 40kB 5.3MB/s 
Collecting asgiref~=3.2 (from django)
  Downloading https://files.pythonhosted.org/packages/68/00/25013f7310a56d17e1ab6fd885d5c1f216b7123b550d295c93f8e29d372a/asgiref-3.2.7-py2.py3-none-any.whl
Installing collected packages: pytz, sqlparse, asgiref, django
Successfully installed asgiref-3.2.7 django-3.0.6 pytz-2020.1 sqlparse-0.3.1
(my_env) synerzip@ULTP347:~/afsana$ django-admin --version
3.0.6
(my_env) synerzip@ULTP347:~/afsana$ django-admin startproject afsana .
(my_env) synerzip@ULTP347:~/afsana$ python manage.py migrate
Operations to perform:
  Apply all migrations: admin, auth, contenttypes, sessions
Running migrations:
  Applying contenttypes.0001_initial... OK
  Applying auth.0001_initial... OK
  Applying admin.0001_initial... OK
  Applying admin.0002_logentry_remove_auto_add... OK
  Applying admin.0003_logentry_add_action_flag_choices... OK
  Applying contenttypes.0002_remove_content_type_name... OK
  Applying auth.0002_alter_permission_name_max_length... OK
  Applying auth.0003_alter_user_email_max_length... OK
  Applying auth.0004_alter_user_username_opts... OK
  Applying auth.0005_alter_user_last_login_null... OK
  Applying auth.0006_require_contenttypes_0002... OK
  Applying auth.0007_alter_validators_add_error_messages... OK
  Applying auth.0008_alter_user_username_max_length... OK
  Applying auth.0009_alter_user_last_name_max_length... OK
  Applying auth.0010_alter_group_name_max_length... OK
  Applying auth.0011_update_proxy_permissions... OK
  Applying sessions.0001_initial... OK
(my_env) synerzip@ULTP347:~/afsana$ python manage.py createsuperuser
Username (leave blank to use 'synerzip'): afsana
Email address: afsana1210@gmail.com
Password: 
Password (again): 
The password is too similar to the username.
This password is too short. It must contain at least 8 characters.
Bypass password validation and create user anyway? [y/N]: N
Password: 
Password (again): 
The password is too similar to the username.
Bypass password validation and create user anyway? [y/N]: N
Password: 
Password (again): 
The password is too similar to the email address.
Bypass password validation and create user anyway? [y/N]: N
Password: 
Password (again): 
The password is too similar to the username.
This password is too short. It must contain at least 8 characters.
Bypass password validation and create user anyway? [y/N]: N
Password: 
Password (again): 
Superuser created successfully.
(my_env) synerzip@ULTP347:~/afsana$ nano ~/django-test/djangoproject/settings.py(my_env) synerzip@ULTP347:~/afsana$ nano ~/afsana/djangoproject/settings.py
(my_env) synerzip@ULTP347:~/afsana$ python manage.py runserver 103.195.83.108:8000
Watching for file changes with StatReloader
Performing system checks...

System check identified no issues (0 silenced).
May 11, 2020 - 18:30:34

===============================
(my_env) synerzip@ULTP347:~/afsana$ cd blog
(my_env) synerzip@ULTP347:~/afsana/blog$ python manage.py runserver localhost:8000

Django version 3.0.6, using settings 'afsana.settings'
Starting development server at http://103.195.83.108:8000/
Quit the server with CONTROL-C.
Error: That IP address can't be assigned to.
(my_env) synerzip@ULTP347:~/afsana$ python manage.py runserver localhost:8000
Watching for file changes with StatReloader
Performing system checks...

System check identified no issues (0 silenced).
May 11, 2020 - 18:31:00
Django version 3.0.6, using settings 'afsana.settings'
Starting development server at http://localhost:8000/
Quit the server with CONTROL-C.
Invalid HTTP_HOST header: 'localhost:8000'. You may need to add 'localhost' to ALLOWED_HOSTS.
Bad Request: /
[11/May/2020 18:31:10] "GET / HTTP/1.1" 400 69695
Invalid HTTP_HOST header: 'localhost:8000'. You may need to add 'localhost' to ALLOWED_HOSTS.
Bad Request: /favicon.ico
[11/May/2020 18:31:10] "GET /favicon.ico HTTP/1.1" 400 69606
/home/synerzip/afsana/afsana/settings.py changed, reloading.
Watching for file changes with StatReloader
Performing system checks...

System check identified no issues (0 silenced).
May 11, 2020 - 18:32:00
Django version 3.0.6, using settings 'afsana.settings'
Starting development server at http://localhost:8000/
Quit the server with CONTROL-C.
^C(my_env) synerzip@ULTP347:~/afsana$ python manage.py runserver localhost:8000
Watching for file changes with StatReloader
Performing system checks...

System check identified no issues (0 silenced).
May 11, 2020 - 18:32:06
Django version 3.0.6, using settings 'afsana.settings'
Starting development server at http://localhost:8000/
Quit the server with CONTROL-C.
[11/May/2020 18:32:10] "GET / HTTP/1.1" 200 16351
[11/May/2020 18:32:10] "GET /static/admin/css/fonts.css HTTP/1.1" 200 423
[11/May/2020 18:32:10] "GET /static/admin/fonts/Roboto-Bold-webfont.woff HTTP/1.1" 200 86184
[11/May/2020 18:32:10] "GET /static/admin/fonts/Roboto-Regular-webfont.woff HTTP/1.1" 200 85876
[11/May/2020 18:32:10] "GET /static/admin/fonts/Roboto-Light-webfont.woff HTTP/1.1" 200 85692
Not Found: /favicon.ico
[11/May/2020 18:32:10] "GET /favicon.ico HTTP/1.1" 404 1972
 
 

  

